=== Rush Reconnect Smoke ===
BASE_URL=http://localhost:3000 PARTYKIT_HOST=localhost:1999 DISCONNECT_MS=15000
Game created: 643552b5-6a3e-44b6-bb09-83e8cff23209
[HOST][log] [CompeteWebSocket] Connecting to: ws://localhost:1999/parties/lobby/643552b5-6a3e-44b6-bb09-83e8cff23209?token=eyJhbGciOiJFUzI1NiIsImtpZCI6IjBhYTdkM2Y5LTY4NDAtNDQ0Ni05ZTMzLTE5NTkzZTQwNDMwMiIsInR5cCI6IkpXVCJ9.eyJpc3MiOiJodHRwczovL2d6dml4bHZrd2pzcnRtdHlidGtmLnN1cGFiYXNlLmNvL2F1dGgvdjEiLCJzdWIiOiIyMjI1NzhhYS1kMTQwLTQxMDUtYmZjYi04NzUwZjk2NjgzMTMiLCJhdWQiOiJhdXRoZW50aWNhdGVkIiwiZXhwIjoxNzg0ODA3MjI3LCJpYXQiOjE3ODQ4MDM2MjcsImVtYWlsIjoiZ2gtdGVzdC1wbGF5ZXItMUB0ZXN0Lmd1ZXNzLWhpc3RvcnkuY29tIiwicGhvbmUiOiIiLCJhcHBfbWV0YWRhdGEiOnsicHJvdmlkZXIiOiJlbWFpbCIsInByb3ZpZGVycyI6WyJlbWFpbCJdfSwidXNlcl9tZXRhZGF0YSI6eyJkaXNwbGF5X25hbWUiOiJUZXN0UGxheWVyMSIsImVtYWlsX3ZlcmlmaWVkIjp0cnVlfSwicm9sZSI6ImF1dGhlbnRpY2F0ZWQiLCJhYWwiOiJhYWwxIiwiYW1yIjpbeyJtZXRob2QiOiJwYXNzd29yZCIsInRpbWVzdGFtcCI6MTc4NDgwMzYyN31dLCJzZXNzaW9uX2lkIjoiMzIzY2UzYmItZmFiMS00ZTA1LWJlOWYtZTM4M2YxODczZjdhIiwiaXNfYW5vbnltb3VzIjpmYWxzZX0.zOqzhGuAImUEu654yqMRsRSZg_qwl2tAT6CkIB0fV77rAb-qYMLUS0E-E7dSvHoIeKzY7C_5cNWmtxTQwlJetw
[GUEST][log] [CompeteWebSocket] Connecting to: ws://localhost:1999/parties/lobby/643552b5-6a3e-44b6-bb09-83e8cff23209?token=eyJhbGciOiJFUzI1NiIsImtpZCI6IjBhYTdkM2Y5LTY4NDAtNDQ0Ni05ZTMzLTE5NTkzZTQwNDMwMiIsInR5cCI6IkpXVCJ9.eyJpc3MiOiJodHRwczovL2d6dml4bHZrd2pzcnRtdHlidGtmLnN1cGFiYXNlLmNvL2F1dGgvdjEiLCJzdWIiOiI1ZTVlNDIxOC0yMjZkLTQyYmItOWRjNC0zZTlmNWVhNzY0ZjYiLCJhdWQiOiJhdXRoZW50aWNhdGVkIiwiZXhwIjoxNzg0ODA3MjI3LCJpYXQiOjE3ODQ4MDM2MjcsImVtYWlsIjoiZ2gtdGVzdC1wbGF5ZXItMkB0ZXN0Lmd1ZXNzLWhpc3RvcnkuY29tIiwicGhvbmUiOiIiLCJhcHBfbWV0YWRhdGEiOnsicHJvdmlkZXIiOiJlbWFpbCIsInByb3ZpZGVycyI6WyJlbWFpbCJdfSwidXNlcl9tZXRhZGF0YSI6eyJkaXNwbGF5X25hbWUiOiJUZXN0UGxheWVyMiIsImVtYWlsX3ZlcmlmaWVkIjp0cnVlfSwicm9sZSI6ImF1dGhlbnRpY2F0ZWQiLCJhYWwiOiJhYWwxIiwiYW1yIjpbeyJtZXRob2QiOiJwYXNzd29yZCIsInRpbWVzdGFtcCI6MTc4NDgwMzYyN31dLCJzZXNzaW9uX2lkIjoiODQyNDJiZWMtNTI4My00NDJmLTk4ZjQtNjQwZDAwYjMxNzMzIiwiaXNfYW5vbnltb3VzIjpmYWxzZX0.Br9Ujs47gLq3h8hVUdFSrxfl9OhvVoKxWIO3F4sjYWFcrAgSgjJPbNOfrLEWNh80oXi7k7QvcrWjCdzhn4ZusA
[HOST][log] [CompeteWebSocket] Connected
[GUEST][log] [CompeteWebSocket] Connected
[WS:HOST] [HOST] status=LOBBY round=0 snapshotVersion=undefined
[WS:GUEST] [GUEST] status=LOBBY round=0 snapshotVersion=undefined
[WS:HOST] [HOST] status=LOBBY round=0 snapshotVersion=3
[WS:GUEST] [GUEST] status=LOBBY round=0 snapshotVersion=3
[WS:HOST] [HOST] status=LOBBY round=0 snapshotVersion=4
[WS:GUEST] [GUEST] status=LOBBY round=0 snapshotVersion=4
[WS:HOST] [HOST] status=LOBBY round=0 snapshotVersion=5
[WS:GUEST] [GUEST] status=LOBBY round=0 snapshotVersion=5
[WS:HOST] [HOST] status=LOBBY round=0 snapshotVersion=6
[WS:GUEST] [GUEST] status=LOBBY round=0 snapshotVersion=6
[WS:HOST] [HOST] status=ROUND_ACTIVE round=0 snapshotVersion=7
[WS:GUEST] [GUEST] status=ROUND_ACTIVE round=0 snapshotVersion=7
Round active before disconnect
--- GUEST DISCONNECT (15000ms) ---
[GUEST2][log] [CompeteWebSocket] Connecting to: ws://localhost:1999/parties/lobby/643552b5-6a3e-44b6-bb09-83e8cff23209?token=eyJhbGciOiJFUzI1NiIsImtpZCI6IjBhYTdkM2Y5LTY4NDAtNDQ0Ni05ZTMzLTE5NTkzZTQwNDMwMiIsInR5cCI6IkpXVCJ9.eyJpc3MiOiJodHRwczovL2d6dml4bHZrd2pzcnRtdHlidGtmLnN1cGFiYXNlLmNvL2F1dGgvdjEiLCJzdWIiOiI1ZTVlNDIxOC0yMjZkLTQyYmItOWRjNC0zZTlmNWVhNzY0ZjYiLCJhdWQiOiJhdXRoZW50aWNhdGVkIiwiZXhwIjoxNzg0ODA3MjI3LCJpYXQiOjE3ODQ4MDM2MjcsImVtYWlsIjoiZ2gtdGVzdC1wbGF5ZXItMkB0ZXN0Lmd1ZXNzLWhpc3RvcnkuY29tIiwicGhvbmUiOiIiLCJhcHBfbWV0YWRhdGEiOnsicHJvdmlkZXIiOiJlbWFpbCIsInByb3ZpZGVycyI6WyJlbWFpbCJdfSwidXNlcl9tZXRhZGF0YSI6eyJkaXNwbGF5X25hbWUiOiJUZXN0UGxheWVyMiIsImVtYWlsX3ZlcmlmaWVkIjp0cnVlfSwicm9sZSI6ImF1dGhlbnRpY2F0ZWQiLCJhYWwiOiJhYWwxIiwiYW1yIjpbeyJtZXRob2QiOiJwYXNzd29yZCIsInRpbWVzdGFtcCI6MTc4NDgwMzYyN31dLCJzZXNzaW9uX2lkIjoiODQyNDJiZWMtNTI4My00NDJmLTk4ZjQtNjQwZDAwYjMxNzMzIiwiaXNfYW5vbnltb3VzIjpmYWxzZX0.Br9Ujs47gLq3h8hVUdFSrxfl9OhvVoKxWIO3F4sjYWFcrAgSgjJPbNOfrLEWNh80oXi7k7QvcrWjCdzhn4ZusA
[GUEST2][log] [CompeteWebSocket] Connected
GUEST2 visible status after reconnect: ROUND_ACTIVE
[WS:GUEST2-WS] [GUEST2-WS] status=ROUND_ACTIVE round=0 snapshotVersion=undefined
GUEST2 WS last: [GUEST2-WS] status=ROUND_ACTIVE round=0 snapshotVersion=undefined
[WS:HOST] [HOST] status=ROUND_ACTIVE round=0 snapshotVersion=8
[WS:GUEST] [GUEST] status=ROUND_ACTIVE round=0 snapshotVersion=8
[WS:GUEST2-WS] [GUEST2-WS] status=ROUND_ACTIVE round=0 snapshotVersion=8
[WS:HOST] [HOST] status=ROUND_ACTIVE round=0 snapshotVersion=9
[WS:GUEST] [GUEST] status=ROUND_ACTIVE round=0 snapshotVersion=9
[WS:GUEST2-WS] [GUEST2-WS] status=ROUND_ACTIVE round=0 snapshotVersion=9
[WS:HOST] [HOST] status=ROUND_ACTIVE round=0 snapshotVersion=10
[WS:GUEST] [GUEST] status=ROUND_ACTIVE round=0 snapshotVersion=10
[WS:GUEST2-WS] [GUEST2-WS] status=ROUND_ACTIVE round=0 snapshotVersion=10
[WS:HOST] [HOST] status=ROUND_COMPLETE round=0 snapshotVersion=11
[WS:GUEST] [GUEST] status=ROUND_COMPLETE round=0 snapshotVersion=11
[WS:GUEST2-WS] [GUEST2-WS] status=ROUND_COMPLETE round=0 snapshotVersion=11
Round completed after guest reconnect
--- HOST DISCONNECT (15000ms) ---
[HOST2][log] [CompeteWebSocket] Connecting to: ws://localhost:1999/parties/lobby/643552b5-6a3e-44b6-bb09-83e8cff23209?token=eyJhbGciOiJFUzI1NiIsImtpZCI6IjBhYTdkM2Y5LTY4NDAtNDQ0Ni05ZTMzLTE5NTkzZTQwNDMwMiIsInR5cCI6IkpXVCJ9.eyJpc3MiOiJodHRwczovL2d6dml4bHZrd2pzcnRtdHlidGtmLnN1cGFiYXNlLmNvL2F1dGgvdjEiLCJzdWIiOiIyMjI1NzhhYS1kMTQwLTQxMDUtYmZjYi04NzUwZjk2NjgzMTMiLCJhdWQiOiJhdXRoZW50aWNhdGVkIiwiZXhwIjoxNzg0ODA3MjI3LCJpYXQiOjE3ODQ4MDM2MjcsImVtYWlsIjoiZ2gtdGVzdC1wbGF5ZXItMUB0ZXN0Lmd1ZXNzLWhpc3RvcnkuY29tIiwicGhvbmUiOiIiLCJhcHBfbWV0YWRhdGEiOnsicHJvdmlkZXIiOiJlbWFpbCIsInByb3ZpZGVycyI6WyJlbWFpbCJdfSwidXNlcl9tZXRhZGF0YSI6eyJkaXNwbGF5X25hbWUiOiJUZXN0UGxheWVyMSIsImVtYWlsX3ZlcmlmaWVkIjp0cnVlfSwicm9sZSI6ImF1dGhlbnRpY2F0ZWQiLCJhYWwiOiJhYWwxIiwiYW1yIjpbeyJtZXRob2QiOiJwYXNzd29yZCIsInRpbWVzdGFtcCI6MTc4NDgwMzYyN31dLCJzZXNzaW9uX2lkIjoiMzIzY2UzYmItZmFiMS00ZTA1LWJlOWYtZTM4M2YxODczZjdhIiwiaXNfYW5vbnltb3VzIjpmYWxzZX0.zOqzhGuAImUEu654yqMRsRSZg_qwl2tAT6CkIB0fV77rAb-qYMLUS0E-E7dSvHoIeKzY7C_5cNWmtxTQwlJetw
[HOST2][log] [CompeteWebSocket] Connected
HOST2 visible status after reconnect: ROUND_COMPLETE
[WS:HOST2-WS] [HOST2-WS] status=ROUND_COMPLETE round=0 snapshotVersion=undefined
HOST2 WS last: [HOST2-WS] status=ROUND_COMPLETE round=0 snapshotVersion=undefined
HOST2 did not land in ROUND_ACTIVE; skipping submit
=== Smoke complete ===
